// Jest Snapshot v1, https://goo.gl/fbAQLP

exports[`Loader Component render 1`] = `
<div
  className="container"
  style={undefined}
>
  <div
    className="spinner"
  >
    <div
      className="bounce1"
      style={undefined}
    />
    <div
      className="bounce2"
      style={undefined}
    />
    <div
      className="bounce3"
      style={undefined}
    />
  </div>
</div>
`;
