// Jest Snapshot v1, https://goo.gl/fbAQLP

exports[`NumberInput Component render 1`] = `
<div
  className="wrapper"
>
  <input
    className="input"
    disabled={undefined}
    max={9007199254740991}
    min={-9007199254740991}
    onBlur={[Function]}
    onChange={[Function]}
    onFocus={[Function]}
    placeholder=""
    step={1}
    type="number"
    value=""
  />
  <div
    className="spinner"
  >
    <div
      className="action"
      onClick={[Function]}
    >
      +
    </div>
    <div
      className="action"
      onClick={[Function]}
    >
      -
    </div>
  </div>
</div>
`;
